#### jax 0.9.0 (shared env) + ONLY nccl 2.31.2 2026-09-04T22:04:56+02:00
[notice] A new release of pip is available: 25.3 -> 26.2.1
[notice] To update, run: /export/scratch/tbuck/venv_odisseo_nccl/bin/python -m pip install --upgrade pip
jax 0.9.0 jaxlib 0.9.0
Version: 2.31.2
Location: /export/scratch/tbuck/venv_odisseo_nccl/lib/python3.13/site-packages
  .XXXXXXXXXXXX..XXXXXXXXXXXXXX..X..X....X
  -> CORRUPT (29/40 calls returned the fill value or garbage)
  .XXXXXXXXXXXXXXXXXXXXXXXXXXXXXXXXXXXXXXX
  -> CORRUPT (39/40 calls returned the fill value or garbage)
  ..X...X.....X.....X...XX................
  -> CORRUPT (6/40 calls returned the fill value or garbage)
#### + nvshmem 3.7.2 on jax 0.9.0
[notice] A new release of pip is available: 25.3 -> 26.2.1
[notice] To update, run: /export/scratch/tbuck/venv_odisseo_nccl/bin/python -m pip install --upgrade pip
  .XXXXXXXXXXXXXXXXXXXXXXXXXXXXXXXXXXXXXXX
  -> CORRUPT (39/40 calls returned the fill value or garbage)
  .XXXX.XXXXX.XXXX..X.XX.XX.XX.X.XXXXXXXXX
  -> CORRUPT (30/40 calls returned the fill value or garbage)
NCCL-ONLY DONE
