#### overlay venv 2026-09-04T22:00:52+02:00
#### imports through the overlay
jax 0.9.1 jaxlib 0.9.1 from /export/scratch/tbuck/venv_odisseo_jax091/lib/python3.13/site-packages/jax/__init__.py
jaccpot /export/home/tbuck/jaccpot/jaccpot/__init__.py
yggdrax /export/home/tbuck/yggdrax-main-wt/yggdrax/__init__.py
nornax /export/home/tbuck/nornax/nornax/__init__.py
agama ok /export/home/tbuck/micromamba/envs/odisseo/lib/python3.13/site-packages/agama/__init__.py
resolve_grad_halo_exchange('auto') -> native
odisseo ok
jax                       0.9.1
jax-cuda12-pjrt           0.9.1
jax-cuda12-plugin         0.9.1
jaxFMM                    0.2.0
jaxlib                    0.9.1
jaxtyping                 0.3.9
#### repro through the overlay (donate)
  iter   1: [-1. -1. -1. -1.  3.  4.  7.  8.]
  iter   2: [-1. -1. -1. -1.  3.  4.  7.  8.]
  iter   3: [-1. -1. -1. -1.  3.  4.  7.  8.]
jax 0.9.1  donate=True churn=False  iters=40
  .XXXXXXXXXXXXX......X.X.X.XXXXXX..XXXX.X
  -> CORRUPT (27/40 calls returned the fill value or garbage)
OVERLAY DONE
