GPU: physical [4] (CUDA_VISIBLE_DEVICES=4)
N=200000: float64 direct reference ...
 leaf  p theta       ms    iqr      aggL2 leaves nbr/leaf    occ direct/tgt  share      p90 self flags
/export/home/tbuck/Odisseo-bench-multigpu/benchmark_multigpu/codes/interaction_budget.py:119: DeprecationWarning: Legacy expanse-style kwargs are deprecated in jaccpot.FastMultipoleMethod. Use preset/basis/advanced config objects instead.
  s = FastMultipoleMethod(
 1024  4  1.00    86.86   5.67  1.401e-02    196    106.7 1020.4     109255  0.546   188735    0 loadavg>=8 (10.2),other-gpus-busy (81%)
/export/home/tbuck/Odisseo-bench-multigpu/benchmark_multigpu/codes/interaction_budget.py:119: DeprecationWarning: Legacy expanse-style kwargs are deprecated in jaccpot.FastMultipoleMethod. Use preset/basis/advanced config objects instead.
  s = FastMultipoleMethod(
 1024  4  0.60   124.18   1.50  9.618e-05    196    191.6 1020.4     196497  0.982   199999    0 loadavg>=8 (9.9),other-gpus-busy (82%)
/export/home/tbuck/Odisseo-bench-multigpu/benchmark_multigpu/codes/interaction_budget.py:119: DeprecationWarning: Legacy expanse-style kwargs are deprecated in jaccpot.FastMultipoleMethod. Use preset/basis/advanced config objects instead.
  s = FastMultipoleMethod(
  512  4  1.00    58.61   4.96  1.505e-02    391    126.9  511.5      65186  0.326   112959    0 loadavg>=8 (9.9),other-gpus-busy (82%)
/export/home/tbuck/Odisseo-bench-multigpu/benchmark_multigpu/codes/interaction_budget.py:119: DeprecationWarning: Legacy expanse-style kwargs are deprecated in jaccpot.FastMultipoleMethod. Use preset/basis/advanced config objects instead.
  s = FastMultipoleMethod(
  512  4  0.60   109.64   2.65  4.947e-04    391    324.1  511.5     166203  0.831   199999    0 loadavg>=8 (9.8),other-gpus-busy (99%)
/export/home/tbuck/Odisseo-bench-multigpu/benchmark_multigpu/codes/interaction_budget.py:119: DeprecationWarning: Legacy expanse-style kwargs are deprecated in jaccpot.FastMultipoleMethod. Use preset/basis/advanced config objects instead.
  s = FastMultipoleMethod(
  256  4  1.00    47.80  13.95  3.507e-02    782    140.6  255.8      35903  0.180    49727    0 loadavg>=8 (11.8),other-gpus-busy (80%)
/export/home/tbuck/Odisseo-bench-multigpu/benchmark_multigpu/codes/interaction_budget.py:119: DeprecationWarning: Legacy expanse-style kwargs are deprecated in jaccpot.FastMultipoleMethod. Use preset/basis/advanced config objects instead.
  s = FastMultipoleMethod(
  256  4  0.60    92.07   3.33  8.435e-04    782    455.3  255.8     116552  0.583   191807    0 loadavg>=8 (11.0),other-gpus-busy (81%)
wrote artifacts/interaction_budget_nostream_plummer200000.json
